{
    "Should run without failures - prefix - stub": {
        "content": [
            {
                "0": [
                    [
                        {
                            "id": "test"
                        },
                        "test.xyz_total_counts_vs_n_genes_by_counts.png:md5,d41d8cd98f00b204e9800998ecf8427e"
                    ]
                ],
                "1": [
                    "test.xyz_mqc.json:md5,d41d8cd98f00b204e9800998ecf8427e"
                ],
                "2": [
                    "versions.yml:md5,d41d8cd98f00b204e9800998ecf8427e"
                ],
                "multiqc_files": [
                    "test.xyz_mqc.json:md5,d41d8cd98f00b204e9800998ecf8427e"
                ],
                "plots": [
                    [
                        {
                            "id": "test"
                        },
                        "test.xyz_total_counts_vs_n_genes_by_counts.png:md5,d41d8cd98f00b204e9800998ecf8427e"
                    ]
                ],
                "versions": [
                    "versions.yml:md5,d41d8cd98f00b204e9800998ecf8427e"
                ]
            }
        ],
        "meta": {
            "nf-test": "0.9.0",
            "nextflow": "24.04.4"
        },
        "timestamp": "2025-04-12T21:07:12.561371345"
    },
    "Should run without failures - stub": {
        "content": [
            {
                "0": [
                    [
                        {
                            "id": "test"
                        },
                        "test_total_counts_vs_n_genes_by_counts.png:md5,d41d8cd98f00b204e9800998ecf8427e"
                    ]
                ],
                "1": [
                    "test_mqc.json:md5,d41d8cd98f00b204e9800998ecf8427e"
                ],
                "2": [
                    "versions.yml:md5,d41d8cd98f00b204e9800998ecf8427e"
                ],
                "multiqc_files": [
                    "test_mqc.json:md5,d41d8cd98f00b204e9800998ecf8427e"
                ],
                "plots": [
                    [
                        {
                            "id": "test"
                        },
                        "test_total_counts_vs_n_genes_by_counts.png:md5,d41d8cd98f00b204e9800998ecf8427e"
                    ]
                ],
                "versions": [
                    "versions.yml:md5,d41d8cd98f00b204e9800998ecf8427e"
                ]
            }
        ],
        "meta": {
            "nf-test": "0.9.0",
            "nextflow": "24.04.4"
        },
        "timestamp": "2025-04-12T21:06:55.885053042"
    },
    "Should run without failures": {
        "content": [
            {
                "0": [
                    [
                        {
                            "id": "test"
                        },
                        "test_total_counts_vs_n_genes_by_counts.png:md5,c0a8b81fd5f7631a8f982e39d4666bda"
                    ]
                ],
                "1": [
                    "test_mqc.json:md5,b0a331e98fc13b7f69d2aca12829aa85"
                ],
                "2": [
                    "versions.yml:md5,4ae73db35d075a7605ac7c6f501fcf68"
                ],
                "multiqc_files": [
                    "test_mqc.json:md5,b0a331e98fc13b7f69d2aca12829aa85"
                ],
                "plots": [
                    [
                        {
                            "id": "test"
                        },
                        "test_total_counts_vs_n_genes_by_counts.png:md5,c0a8b81fd5f7631a8f982e39d4666bda"
                    ]
                ],
                "versions": [
                    "versions.yml:md5,4ae73db35d075a7605ac7c6f501fcf68"
                ]
            }
        ],
        "meta": {
            "nf-test": "0.9.0",
            "nextflow": "24.04.4"
        },
        "timestamp": "2025-04-12T21:06:17.640786945"
    },
    "Should run without failures - prefix": {
        "content": [
            {
                "0": [
                    [
                        {
                            "id": "test"
                        },
                        "test.xyz_total_counts_vs_n_genes_by_counts.png:md5,c0a8b81fd5f7631a8f982e39d4666bda"
                    ]
                ],
                "1": [
                    "test.xyz_mqc.json:md5,9b281b1d40e90172532a3c8c734536d0"
                ],
                "2": [
                    "versions.yml:md5,4ae73db35d075a7605ac7c6f501fcf68"
                ],
                "multiqc_files": [
                    "test.xyz_mqc.json:md5,9b281b1d40e90172532a3c8c734536d0"
                ],
                "plots": [
                    [
                        {
                            "id": "test"
                        },
                        "test.xyz_total_counts_vs_n_genes_by_counts.png:md5,c0a8b81fd5f7631a8f982e39d4666bda"
                    ]
                ],
                "versions": [
                    "versions.yml:md5,4ae73db35d075a7605ac7c6f501fcf68"
                ]
            }
        ],
        "meta": {
            "nf-test": "0.9.0",
            "nextflow": "24.04.4"
        },
        "timestamp": "2025-04-12T21:06:39.484237"
    }
}