{
    "Should run without failures with groupby batch": {
        "content": [
            {
                "0": [
                    [
                        {
                            "id": "test"
                        },
                        "test.h5ad:md5,137cf608ab1afd1f2d34b0935ee40ce7"
                    ]
                ],
                "1": [
                    "versions.yml:md5,c9b1b2e4a4757d1c8957ea7cc09318cd"
                ],
                "h5ad": [
                    [
                        {
                            "id": "test"
                        },
                        "test.h5ad:md5,137cf608ab1afd1f2d34b0935ee40ce7"
                    ]
                ],
                "versions": [
                    "versions.yml:md5,c9b1b2e4a4757d1c8957ea7cc09318cd"
                ]
            }
        ],
        "meta": {
            "nf-test": "0.9.0",
            "nextflow": "24.04.4"
        },
        "timestamp": "2025-04-16T08:36:59.971364193"
    },
    "Should run without failures with groupby sample and clustering": {
        "content": [
            {
                "0": [
                    [
                        {
                            "id": "test"
                        },
                        "test.h5ad:md5,6bddd0a22466a7c315013dc2242dbb20"
                    ]
                ],
                "1": [
                    "versions.yml:md5,c9b1b2e4a4757d1c8957ea7cc09318cd"
                ],
                "h5ad": [
                    [
                        {
                            "id": "test"
                        },
                        "test.h5ad:md5,6bddd0a22466a7c315013dc2242dbb20"
                    ]
                ],
                "versions": [
                    "versions.yml:md5,c9b1b2e4a4757d1c8957ea7cc09318cd"
                ]
            }
        ],
        "meta": {
            "nf-test": "0.9.0",
            "nextflow": "24.04.4"
        },
        "timestamp": "2025-04-16T08:37:59.439868804"
    },
    "Should run without failures - stub": {
        "content": [
            {
                "0": [
                    [
                        {
                            "id": "test"
                        },
                        "test.h5ad:md5,d41d8cd98f00b204e9800998ecf8427e"
                    ]
                ],
                "1": [
                    "versions.yml:md5,d41d8cd98f00b204e9800998ecf8427e"
                ],
                "h5ad": [
                    [
                        {
                            "id": "test"
                        },
                        "test.h5ad:md5,d41d8cd98f00b204e9800998ecf8427e"
                    ]
                ],
                "versions": [
                    "versions.yml:md5,d41d8cd98f00b204e9800998ecf8427e"
                ]
            }
        ],
        "meta": {
            "nf-test": "0.9.0",
            "nextflow": "24.04.4"
        },
        "timestamp": "2025-04-16T08:38:51.296329799"
    }
}