{
    "Should run with a symbol column other than index": {
        "content": [
            {
                "0": [
                    [
                        {
                            "id": "test"
                        },
                        "test_singler_predictions.csv:md5,1c31f07b4bff6980036f444039468fa5"
                    ]
                ],
                "1": [
                    [
                        {
                            "id": "test"
                        },
                        [
                            "test_singler_hpca_distribution.pdf:md5,e6d0bad39a8c07c47ad2424ea52af515",
                            "test_singler_hpca_heatmap.pdf:md5,e796ca47b3f5880adf3437203b356330"
                        ]
                    ]
                ],
                "2": [
                    "versions.yml:md5,448f2705ce813b3f6e93bb74b092a60c"
                ],
                "obs": [
                    [
                        {
                            "id": "test"
                        },
                        "test_singler_predictions.csv:md5,1c31f07b4bff6980036f444039468fa5"
                    ]
                ],
                "pdf": [
                    [
                        {
                            "id": "test"
                        },
                        [
                            "test_singler_hpca_distribution.pdf:md5,e6d0bad39a8c07c47ad2424ea52af515",
                            "test_singler_hpca_heatmap.pdf:md5,e796ca47b3f5880adf3437203b356330"
                        ]
                    ]
                ],
                "versions": [
                    "versions.yml:md5,448f2705ce813b3f6e93bb74b092a60c"
                ]
            }
        ],
        "meta": {
            "nf-test": "0.9.2",
            "nextflow": "25.04.6"
        },
        "timestamp": "2025-07-17T10:04:33.35192553"
    },
    "Should run after celldex reference is fetched": {
        "content": [
            {
                "0": [
                    [
                        {
                            "id": "test"
                        },
                        "test_singler_predictions.csv:md5,d90a4649a5d44b49f08568e58388f958"
                    ]
                ],
                "1": [
                    [
                        {
                            "id": "test"
                        },
                        [
                            "test_singler_test_distribution.pdf:md5,3dd5550bf9d83ccb2ebd1aa6b8dc2d43",
                            "test_singler_test_heatmap.pdf:md5,b249fb1ea69f58e25bb3aa6384c1585c"
                        ]
                    ]
                ],
                "2": [
                    "versions.yml:md5,448f2705ce813b3f6e93bb74b092a60c"
                ],
                "obs": [
                    [
                        {
                            "id": "test"
                        },
                        "test_singler_predictions.csv:md5,d90a4649a5d44b49f08568e58388f958"
                    ]
                ],
                "pdf": [
                    [
                        {
                            "id": "test"
                        },
                        [
                            "test_singler_test_distribution.pdf:md5,3dd5550bf9d83ccb2ebd1aa6b8dc2d43",
                            "test_singler_test_heatmap.pdf:md5,b249fb1ea69f58e25bb3aa6384c1585c"
                        ]
                    ]
                ],
                "versions": [
                    "versions.yml:md5,448f2705ce813b3f6e93bb74b092a60c"
                ]
            }
        ],
        "meta": {
            "nf-test": "0.9.2",
            "nextflow": "25.04.6"
        },
        "timestamp": "2025-07-17T09:53:13.09638749"
    },
    "Should run with a single reference": {
        "content": [
            {
                "0": [
                    [
                        {
                            "id": "test"
                        },
                        "test_singler_predictions.csv:md5,1c31f07b4bff6980036f444039468fa5"
                    ]
                ],
                "1": [
                    [
                        {
                            "id": "test"
                        },
                        [
                            "test_singler_hpca_distribution.pdf:md5,85a62740c6b5bc561eb8dae4e90e1efc",
                            "test_singler_hpca_heatmap.pdf:md5,01f103090871cac9d1a19f4c80fcf3bb"
                        ]
                    ]
                ],
                "2": [
                    "versions.yml:md5,448f2705ce813b3f6e93bb74b092a60c"
                ],
                "obs": [
                    [
                        {
                            "id": "test"
                        },
                        "test_singler_predictions.csv:md5,1c31f07b4bff6980036f444039468fa5"
                    ]
                ],
                "pdf": [
                    [
                        {
                            "id": "test"
                        },
                        [
                            "test_singler_hpca_distribution.pdf:md5,85a62740c6b5bc561eb8dae4e90e1efc",
                            "test_singler_hpca_heatmap.pdf:md5,01f103090871cac9d1a19f4c80fcf3bb"
                        ]
                    ]
                ],
                "versions": [
                    "versions.yml:md5,448f2705ce813b3f6e93bb74b092a60c"
                ]
            }
        ],
        "meta": {
            "nf-test": "0.9.2",
            "nextflow": "25.04.6"
        },
        "timestamp": "2025-07-17T09:59:03.765493497"
    },
    "Should run with a single reference - stub": {
        "content": [
            {
                "0": [
                    [
                        {
                            "id": "test"
                        },
                        "test_singler.csv:md5,d41d8cd98f00b204e9800998ecf8427e"
                    ]
                ],
                "1": [
                    [
                        {
                            "id": "test"
                        },
                        "test_singler.pdf:md5,d41d8cd98f00b204e9800998ecf8427e"
                    ]
                ],
                "2": [
                    "versions.yml:md5,d41d8cd98f00b204e9800998ecf8427e"
                ],
                "obs": [
                    [
                        {
                            "id": "test"
                        },
                        "test_singler.csv:md5,d41d8cd98f00b204e9800998ecf8427e"
                    ]
                ],
                "pdf": [
                    [
                        {
                            "id": "test"
                        },
                        "test_singler.pdf:md5,d41d8cd98f00b204e9800998ecf8427e"
                    ]
                ],
                "versions": [
                    "versions.yml:md5,d41d8cd98f00b204e9800998ecf8427e"
                ]
            }
        ],
        "meta": {
            "nf-test": "0.9.2",
            "nextflow": "25.04.6"
        },
        "timestamp": "2025-07-13T13:26:52.403212268"
    },
    "Should run with two references": {
        "content": [
            {
                "0": [
                    [
                        {
                            "id": "test"
                        },
                        "test_singler_predictions.csv:md5,67d0aa7d4534ec4d87ea7b28557e0441"
                    ]
                ],
                "1": [
                    [
                        {
                            "id": "test"
                        },
                        [
                            "test_singler_hpca_distribution.pdf:md5,465f2324a47e398fa82b4930fa7eb529",
                            "test_singler_hpca_heatmap.pdf:md5,b5c5922dfc64a89b9f8864b61788c118",
                            "test_singler_monaco_immune_distribution.pdf:md5,3fddbec42c09fcd5f91245fad8325fe6",
                            "test_singler_monaco_immune_heatmap.pdf:md5,2b8f5a438656722a7a8f05910ee61fcd"
                        ]
                    ]
                ],
                "2": [
                    "versions.yml:md5,448f2705ce813b3f6e93bb74b092a60c"
                ],
                "obs": [
                    [
                        {
                            "id": "test"
                        },
                        "test_singler_predictions.csv:md5,67d0aa7d4534ec4d87ea7b28557e0441"
                    ]
                ],
                "pdf": [
                    [
                        {
                            "id": "test"
                        },
                        [
                            "test_singler_hpca_distribution.pdf:md5,465f2324a47e398fa82b4930fa7eb529",
                            "test_singler_hpca_heatmap.pdf:md5,b5c5922dfc64a89b9f8864b61788c118",
                            "test_singler_monaco_immune_distribution.pdf:md5,3fddbec42c09fcd5f91245fad8325fe6",
                            "test_singler_monaco_immune_heatmap.pdf:md5,2b8f5a438656722a7a8f05910ee61fcd"
                        ]
                    ]
                ],
                "versions": [
                    "versions.yml:md5,448f2705ce813b3f6e93bb74b092a60c"
                ]
            }
        ],
        "meta": {
            "nf-test": "0.9.2",
            "nextflow": "25.04.6"
        },
        "timestamp": "2025-07-17T10:11:22.040598155"
    }
}