{
    "Should run without failures - stub": {
        "content": [
            {
                "0": [
                    [
                        {
                            "id": "test"
                        },
                        "test.h5ad:md5,d41d8cd98f00b204e9800998ecf8427e"
                    ]
                ],
                "1": [
                    "test.pkl:md5,d41d8cd98f00b204e9800998ecf8427e"
                ],
                "2": [
                    "versions.yml:md5,d41d8cd98f00b204e9800998ecf8427e"
                ],
                "h5ad": [
                    [
                        {
                            "id": "test"
                        },
                        "test.h5ad:md5,d41d8cd98f00b204e9800998ecf8427e"
                    ]
                ],
                "obsm": [
                    "test.pkl:md5,d41d8cd98f00b204e9800998ecf8427e"
                ],
                "versions": [
                    "versions.yml:md5,d41d8cd98f00b204e9800998ecf8427e"
                ]
            }
        ],
        "meta": {
            "nf-test": "0.9.0",
            "nextflow": "24.04.4"
        },
        "timestamp": "2025-04-14T15:27:16.551788015"
    },
    "Should run without failures": {
        "content": [
            {
                "0": [
                    [
                        {
                            "id": "test"
                        },
                        "test.h5ad:md5,2757b227439d4fdf4783e35e31ec5377"
                    ]
                ],
                "1": [
                    "X_test.pkl:md5,b8409c993a6e0ddf229adbf87538926e"
                ],
                "2": [
                    "versions.yml:md5,2e9e8e953dbaaaa2ad41e7f63e858f4b"
                ],
                "h5ad": [
                    [
                        {
                            "id": "test"
                        },
                        "test.h5ad:md5,2757b227439d4fdf4783e35e31ec5377"
                    ]
                ],
                "obsm": [
                    "X_test.pkl:md5,b8409c993a6e0ddf229adbf87538926e"
                ],
                "versions": [
                    "versions.yml:md5,2e9e8e953dbaaaa2ad41e7f63e858f4b"
                ]
            }
        ],
        "meta": {
            "nf-test": "0.9.0",
            "nextflow": "24.04.4"
        },
        "timestamp": "2025-04-14T15:26:02.629383874"
    }
}