{
    "Should run with a specified number of HVGs": {
        "content": [
            {
                "0": [
                    [
                        {
                            "id": "test"
                        },
                        "test_hvg.h5ad:md5,8cb777e76103f1c4a4bf543f5a78837c"
                    ]
                ],
                "1": [
                    "versions.yml:md5,b2cac28d98d45ab02ed7d68691c897e7"
                ],
                "h5ad": [
                    [
                        {
                            "id": "test"
                        },
                        "test_hvg.h5ad:md5,8cb777e76103f1c4a4bf543f5a78837c"
                    ]
                ],
                "versions": [
                    "versions.yml:md5,b2cac28d98d45ab02ed7d68691c897e7"
                ]
            }
        ],
        "meta": {
            "nf-test": "0.9.0",
            "nextflow": "24.04.4"
        },
        "timestamp": "2025-04-14T14:10:21.221546742"
    },
    "Should run without a specified number of HVGs": {
        "content": [
            {
                "0": [
                    [
                        {
                            "id": "test"
                        },
                        "test_hvg.h5ad:md5,d774ac6ffb42891ff1b44c5e3bdcf1f1"
                    ]
                ],
                "1": [
                    "versions.yml:md5,b2cac28d98d45ab02ed7d68691c897e7"
                ],
                "h5ad": [
                    [
                        {
                            "id": "test"
                        },
                        "test_hvg.h5ad:md5,d774ac6ffb42891ff1b44c5e3bdcf1f1"
                    ]
                ],
                "versions": [
                    "versions.yml:md5,b2cac28d98d45ab02ed7d68691c897e7"
                ]
            }
        ],
        "meta": {
            "nf-test": "0.9.0",
            "nextflow": "24.04.4"
        },
        "timestamp": "2025-04-14T14:09:56.144939319"
    },
    "Should run without failures - stub": {
        "content": [
            {
                "0": [
                    [
                        {
                            "id": "test"
                        },
                        "test_hvg.h5ad:md5,d41d8cd98f00b204e9800998ecf8427e"
                    ]
                ],
                "1": [
                    "versions.yml:md5,d41d8cd98f00b204e9800998ecf8427e"
                ],
                "h5ad": [
                    [
                        {
                            "id": "test"
                        },
                        "test_hvg.h5ad:md5,d41d8cd98f00b204e9800998ecf8427e"
                    ]
                ],
                "versions": [
                    "versions.yml:md5,d41d8cd98f00b204e9800998ecf8427e"
                ]
            }
        ],
        "meta": {
            "nf-test": "0.9.0",
            "nextflow": "24.04.4"
        },
        "timestamp": "2025-04-14T14:10:38.804944783"
    }
}