{
    "Should run without failures - stub": {
        "content": [
            {
                "0": [
                    [
                        {
                            "id": "test"
                        },
                        "test_celltypist.h5ad:md5,d41d8cd98f00b204e9800998ecf8427e"
                    ]
                ],
                "1": [
                    "test_celltypist.pkl:md5,d41d8cd98f00b204e9800998ecf8427e"
                ],
                "2": [
                    "versions.yml:md5,d41d8cd98f00b204e9800998ecf8427e"
                ],
                "h5ad": [
                    [
                        {
                            "id": "test"
                        },
                        "test_celltypist.h5ad:md5,d41d8cd98f00b204e9800998ecf8427e"
                    ]
                ],
                "obs": [
                    "test_celltypist.pkl:md5,d41d8cd98f00b204e9800998ecf8427e"
                ],
                "versions": [
                    "versions.yml:md5,d41d8cd98f00b204e9800998ecf8427e"
                ]
            }
        ],
        "meta": {
            "nf-test": "0.9.0",
            "nextflow": "24.04.4"
        },
        "timestamp": "2025-04-13T22:08:18.343401971"
    },
    "Should run without failures": {
        "content": [
            {
                "0": [
                    [
                        {
                            "id": "test"
                        },
                        "test_celltypist.h5ad:md5,2f7b710fbb7e8527a47bbb60237b0a6c"
                    ]
                ],
                "1": [
                    "test_celltypist.pkl:md5,a08b0ae9ddc4ac1b57f480ae7efac1ca"
                ],
                "2": [
                    "versions.yml:md5,d30822b1ba7cc7a7dc35c749b2353b57"
                ],
                "h5ad": [
                    [
                        {
                            "id": "test"
                        },
                        "test_celltypist.h5ad:md5,2f7b710fbb7e8527a47bbb60237b0a6c"
                    ]
                ],
                "obs": [
                    "test_celltypist.pkl:md5,a08b0ae9ddc4ac1b57f480ae7efac1ca"
                ],
                "versions": [
                    "versions.yml:md5,d30822b1ba7cc7a7dc35c749b2353b57"
                ]
            }
        ],
        "meta": {
            "nf-test": "0.9.0",
            "nextflow": "24.04.4"
        },
        "timestamp": "2025-04-13T22:08:00.983218128"
    }
}