{
    "Should run without failures - stub": {
        "content": [
            {
                "0": [
                    [
                        {
                            "id": "test"
                        },
                        "test_scds.rds:md5,d41d8cd98f00b204e9800998ecf8427e"
                    ]
                ],
                "1": [
                    [
                        {
                            "id": "test"
                        },
                        "test_scds.csv:md5,d41d8cd98f00b204e9800998ecf8427e"
                    ]
                ],
                "2": [
                    "versions.yml:md5,d41d8cd98f00b204e9800998ecf8427e"
                ],
                "predictions": [
                    [
                        {
                            "id": "test"
                        },
                        "test_scds.csv:md5,d41d8cd98f00b204e9800998ecf8427e"
                    ]
                ],
                "rds": [
                    [
                        {
                            "id": "test"
                        },
                        "test_scds.rds:md5,d41d8cd98f00b204e9800998ecf8427e"
                    ]
                ],
                "versions": [
                    "versions.yml:md5,d41d8cd98f00b204e9800998ecf8427e"
                ]
            }
        ],
        "meta": {
            "nf-test": "0.9.0",
            "nextflow": "24.04.4"
        },
        "timestamp": "2025-04-13T18:53:57.281052855"
    },
    "Should run without failures": {
        "content": [
            {
                "0": [
                    [
                        {
                            "id": "test"
                        },
                        "test_scds.rds:md5,ea19033c58075aaaf869cf81196bc100"
                    ]
                ],
                "1": [
                    [
                        {
                            "id": "test"
                        },
                        "test_scds.csv:md5,bd088e309a64a26f77e552eca35e5a22"
                    ]
                ],
                "2": [
                    "versions.yml:md5,c8683fe6c044ab53b908d2fd7c38f8f7"
                ],
                "predictions": [
                    [
                        {
                            "id": "test"
                        },
                        "test_scds.csv:md5,bd088e309a64a26f77e552eca35e5a22"
                    ]
                ],
                "rds": [
                    [
                        {
                            "id": "test"
                        },
                        "test_scds.rds:md5,ea19033c58075aaaf869cf81196bc100"
                    ]
                ],
                "versions": [
                    "versions.yml:md5,c8683fe6c044ab53b908d2fd7c38f8f7"
                ]
            }
        ],
        "meta": {
            "nf-test": "0.9.0",
            "nextflow": "24.04.4"
        },
        "timestamp": "2025-04-13T18:53:39.654043301"
    }
}