{
    "Should run without failures - stub": {
        "content": [
            {
                "0": [
                    [
                        {
                            "id": "test"
                        },
                        "test_scanvi.h5ad:md5,d41d8cd98f00b204e9800998ecf8427e"
                    ]
                ],
                "1": [
                    [
                        {
                            "id": "test"
                        },
                        "model.pt:md5,d41d8cd98f00b204e9800998ecf8427e"
                    ]
                ],
                "2": [
                    "test_scanvi.pkl:md5,d41d8cd98f00b204e9800998ecf8427e"
                ],
                "3": [
                    "X_test_scanvi.pkl:md5,d41d8cd98f00b204e9800998ecf8427e"
                ],
                "4": [
                    "versions.yml:md5,d41d8cd98f00b204e9800998ecf8427e"
                ],
                "h5ad": [
                    [
                        {
                            "id": "test"
                        },
                        "test_scanvi.h5ad:md5,d41d8cd98f00b204e9800998ecf8427e"
                    ]
                ],
                "model": [
                    [
                        {
                            "id": "test"
                        },
                        "model.pt:md5,d41d8cd98f00b204e9800998ecf8427e"
                    ]
                ],
                "obs": [
                    "test_scanvi.pkl:md5,d41d8cd98f00b204e9800998ecf8427e"
                ],
                "obsm": [
                    "X_test_scanvi.pkl:md5,d41d8cd98f00b204e9800998ecf8427e"
                ],
                "versions": [
                    "versions.yml:md5,d41d8cd98f00b204e9800998ecf8427e"
                ]
            }
        ],
        "meta": {
            "nf-test": "0.9.0",
            "nextflow": "25.04.2"
        },
        "timestamp": "2025-06-03T07:57:08.262183028"
    },
    "Should run without failures": {
        "content": [
            [
                [
                    {
                        "id": "test"
                    },
                    "test_scanvi.h5ad:md5,1011360c6fc310c1fb7cee15bd4d0a68"
                ]
            ],
            [
                "test_scanvi.pkl:md5,18346bcf221ea0ddeba8b40c7ea263f8"
            ],
            [
                "X_test_scanvi.pkl:md5,046c10f371c0bc3fedf8e742f34b085d"
            ],
            [
                "versions.yml:md5,40ff10e21575728a54740cc2dd502194"
            ]
        ],
        "meta": {
            "nf-test": "0.9.0",
            "nextflow": "25.04.2"
        },
        "timestamp": "2025-06-03T07:56:49.42786026"
    }
}