{
    "Should run with 'decontx' ambient removal": {
        "content": [
            [
                "versions.yml:md5,2edde5588f184cbfac859e46fc966aad"
            ],
            true,
            8645020
        ],
        "meta": {
            "nf-test": "0.9.0",
            "nextflow": "25.04.2"
        },
        "timestamp": "2025-05-30T11:35:49.196830658"
    },
    "Should run with 'soupx' ambient removal": {
        "content": [
            [
                "versions.yml:md5,db9568c840fa1d3a4390bba83b1eb278"
            ],
            true,
            8652012
        ],
        "meta": {
            "nf-test": "0.9.0",
            "nextflow": "25.04.2"
        },
        "timestamp": "2025-05-30T11:36:48.097890698"
    },
    "Should run with 'cellbender' ambient removal": {
        "content": [
            {
                "0": [
                    [
                        {
                            "id": "test"
                        },
                        "test.h5ad:md5,20c28699319d88792e91f724b78badc1"
                    ]
                ],
                "1": [
                    "versions.yml:md5,a29db5b64d7a654f1ec79c3d0350dde2",
                    "versions.yml:md5,a7e0df5f126d781bb90be7c9057c00fd"
                ],
                "h5ad": [
                    [
                        {
                            "id": "test"
                        },
                        "test.h5ad:md5,20c28699319d88792e91f724b78badc1"
                    ]
                ],
                "versions": [
                    "versions.yml:md5,a29db5b64d7a654f1ec79c3d0350dde2",
                    "versions.yml:md5,a7e0df5f126d781bb90be7c9057c00fd"
                ]
            }
        ],
        "meta": {
            "nf-test": "0.9.0",
            "nextflow": "25.04.2"
        },
        "timestamp": "2025-05-30T11:39:58.711630082"
    },
    "Should run with 'scar' ambient removal": {
        "content": [
            {
                "0": [
                    [
                        {
                            "id": "test"
                        },
                        "test.h5ad:md5,ec278b7ea7384e3a76f147fe396f700c"
                    ]
                ],
                "1": [
                    "versions.yml:md5,acd5105c0ecccd400cbdbbe3c9d0b4de"
                ],
                "h5ad": [
                    [
                        {
                            "id": "test"
                        },
                        "test.h5ad:md5,ec278b7ea7384e3a76f147fe396f700c"
                    ]
                ],
                "versions": [
                    "versions.yml:md5,acd5105c0ecccd400cbdbbe3c9d0b4de"
                ]
            }
        ],
        "meta": {
            "nf-test": "0.9.0",
            "nextflow": "25.04.2"
        },
        "timestamp": "2025-05-30T11:37:40.474230724"
    },
    "Should run with 'none' ambient removal": {
        "content": [
            {
                "0": [
                    [
                        {
                            "id": "test"
                        },
                        "/nf-core/test-datasets/36ba4e5f076f4b46b0dc5f02ec77b390fb76bf2d/pbmc/SRR28679759_filtered_matrix.h5ad"
                    ]
                ],
                "1": [

                ],
                "h5ad": [
                    [
                        {
                            "id": "test"
                        },
                        "/nf-core/test-datasets/36ba4e5f076f4b46b0dc5f02ec77b390fb76bf2d/pbmc/SRR28679759_filtered_matrix.h5ad"
                    ]
                ],
                "versions": [

                ]
            }
        ],
        "meta": {
            "nf-test": "0.9.0",
            "nextflow": "25.04.2"
        },
        "timestamp": "2025-05-30T11:34:46.098625373"
    }
}
