{
    "Should run with 'decontx' ambient removal": {
        "content": [
            {
                "0": [
                    [
                        {
                            "id": "test"
                        },
                        "test_decontx.h5ad:md5,68306f1a7eda214b37439f929460ca42"
                    ]
                ],
                "1": [
                    "versions.yml:md5,df9e96d9143495c3e61c2dfda8916373"
                ],
                "h5ad": [
                    [
                        {
                            "id": "test"
                        },
                        "test_decontx.h5ad:md5,68306f1a7eda214b37439f929460ca42"
                    ]
                ],
                "versions": [
                    "versions.yml:md5,df9e96d9143495c3e61c2dfda8916373"
                ]
            }
        ],
        "meta": {
            "nf-test": "0.9.0",
            "nextflow": "24.04.4"
        },
        "timestamp": "2025-04-13T16:01:10.532288109"
    },
    "Should run with 'soupx' ambient removal": {
        "content": [
            {
                "0": [
                    [
                        {
                            "id": "test"
                        },
                        "test_soupX.h5ad:md5,3be4a5a7f00764b7eb5ea607758732cf"
                    ]
                ],
                "1": [
                    "versions.yml:md5,644764d4f3ec5f5ab6369c8621830f9f"
                ],
                "h5ad": [
                    [
                        {
                            "id": "test"
                        },
                        "test_soupX.h5ad:md5,3be4a5a7f00764b7eb5ea607758732cf"
                    ]
                ],
                "versions": [
                    "versions.yml:md5,644764d4f3ec5f5ab6369c8621830f9f"
                ]
            }
        ],
        "meta": {
            "nf-test": "0.9.0",
            "nextflow": "24.04.4"
        },
        "timestamp": "2025-04-13T16:03:00.474840012"
    },
    "Should run with 'cellbender' ambient removal": {
        "content": [
            {
                "0": [
                    [
                        {
                            "id": "test"
                        },
                        "test.h5ad:md5,3c152b8b20ea09b11a5ac37df9230ca6"
                    ]
                ],
                "1": [
                    "versions.yml:md5,a29db5b64d7a654f1ec79c3d0350dde2",
                    "versions.yml:md5,a7e0df5f126d781bb90be7c9057c00fd"
                ],
                "h5ad": [
                    [
                        {
                            "id": "test"
                        },
                        "test.h5ad:md5,3c152b8b20ea09b11a5ac37df9230ca6"
                    ]
                ],
                "versions": [
                    "versions.yml:md5,a29db5b64d7a654f1ec79c3d0350dde2",
                    "versions.yml:md5,a7e0df5f126d781bb90be7c9057c00fd"
                ]
            }
        ],
        "meta": {
            "nf-test": "0.9.0",
            "nextflow": "24.04.4"
        },
        "timestamp": "2025-04-13T17:00:31.621551424"
    },
    "Should run with 'scar' ambient removal": {
        "content": [
            {
                "0": [
                    [
                        {
                            "id": "test"
                        },
                        "test.h5ad:md5,4d7a4226030893dc158367e97b912481"
                    ]
                ],
                "1": [
                    "versions.yml:md5,acd5105c0ecccd400cbdbbe3c9d0b4de"
                ],
                "h5ad": [
                    [
                        {
                            "id": "test"
                        },
                        "test.h5ad:md5,4d7a4226030893dc158367e97b912481"
                    ]
                ],
                "versions": [
                    "versions.yml:md5,acd5105c0ecccd400cbdbbe3c9d0b4de"
                ]
            }
        ],
        "meta": {
            "nf-test": "0.9.0",
            "nextflow": "24.04.4"
        },
        "timestamp": "2025-04-13T16:07:08.413534193"
    },
    "Should run with 'none' ambient removal": {
        "content": [
            {
                "0": [
                    [
                        {
                            "id": "test"
                        },
                        "/nf-core/test-datasets/42be2e94124cdda7f6ae5a493c9759f7daaf379c/samples/SAMN14430799_custom_emptydrops_filter_matrix.h5ad"
                    ]
                ],
                "1": [
                    
                ],
                "h5ad": [
                    [
                        {
                            "id": "test"
                        },
                        "/nf-core/test-datasets/42be2e94124cdda7f6ae5a493c9759f7daaf379c/samples/SAMN14430799_custom_emptydrops_filter_matrix.h5ad"
                    ]
                ],
                "versions": [
                    
                ]
            }
        ],
        "meta": {
            "nf-test": "0.9.0",
            "nextflow": "24.04.4"
        },
        "timestamp": "2025-04-13T16:00:06.406158707"
    }
}