{
    "Should run without failures - stub": {
        "content": [
            {
                "0": [
                    [
                        {
                            "id": "test"
                        },
                        "test_celltypist.pkl:md5,d41d8cd98f00b204e9800998ecf8427e"
                    ]
                ],
                "1": [
                    [
                        {
                            "id": "test"
                        },
                        "test_celltypist.h5ad:md5,d41d8cd98f00b204e9800998ecf8427e"
                    ]
                ],
                "2": [
                    "versions.yml:md5,d41d8cd98f00b204e9800998ecf8427e"
                ],
                "h5ad": [
                    [
                        {
                            "id": "test"
                        },
                        "test_celltypist.h5ad:md5,d41d8cd98f00b204e9800998ecf8427e"
                    ]
                ],
                "obs": [
                    [
                        {
                            "id": "test"
                        },
                        "test_celltypist.pkl:md5,d41d8cd98f00b204e9800998ecf8427e"
                    ]
                ],
                "versions": [
                    "versions.yml:md5,d41d8cd98f00b204e9800998ecf8427e"
                ]
            }
        ],
        "meta": {
            "nf-test": "0.9.0",
            "nextflow": "25.04.2"
        },
        "timestamp": "2025-05-30T08:18:07.118483117"
    },
    "Should run without failures": {
        "content": [
            {
                "0": [
                    [
                        {
                            "id": "test"
                        },
                        "test_celltypist.pkl:md5,2e15f46d05d29c8d86b13320baf147a7"
                    ]
                ],
                "1": [
                    [
                        {
                            "id": "test"
                        },
                        "test_celltypist.h5ad:md5,c9e1bfdcbc1dc8ed2c520f7c147d94ba"
                    ]
                ],
                "2": [
                    "versions.yml:md5,d4c4a10516427827190b165bf9588c66"
                ],
                "h5ad": [
                    [
                        {
                            "id": "test"
                        },
                        "test_celltypist.h5ad:md5,c9e1bfdcbc1dc8ed2c520f7c147d94ba"
                    ]
                ],
                "obs": [
                    [
                        {
                            "id": "test"
                        },
                        "test_celltypist.pkl:md5,2e15f46d05d29c8d86b13320baf147a7"
                    ]
                ],
                "versions": [
                    "versions.yml:md5,d4c4a10516427827190b165bf9588c66"
                ]
            }
        ],
        "meta": {
            "nf-test": "0.9.0",
            "nextflow": "25.04.2"
        },
        "timestamp": "2025-05-30T08:17:51.124853972"
    }
}