{
    "Should run without failures - stub": {
        "content": [
            {
                "0": [
                    [
                        {
                            "id": "test"
                        },
                        "test.h5ad:md5,d41d8cd98f00b204e9800998ecf8427e"
                    ]
                ],
                "1": [
                    "test_mqc.json:md5,d41d8cd98f00b204e9800998ecf8427e"
                ],
                "2": [
                    "versions.yml:md5,9212247d587deed38d006b59067887a9",
                    "versions.yml:md5,d41d8cd98f00b204e9800998ecf8427e"
                ],
                "h5ad": [
                    [
                        {
                            "id": "test"
                        },
                        "test.h5ad:md5,d41d8cd98f00b204e9800998ecf8427e"
                    ]
                ],
                "multiqc_files": [
                    "test_mqc.json:md5,d41d8cd98f00b204e9800998ecf8427e"
                ],
                "versions": [
                    "versions.yml:md5,9212247d587deed38d006b59067887a9",
                    "versions.yml:md5,d41d8cd98f00b204e9800998ecf8427e"
                ]
            }
        ],
        "meta": {
            "nf-test": "0.9.0",
            "nextflow": "24.04.4"
        },
        "timestamp": "2025-04-13T20:33:37.845999277"
    },
    "Should run with all methods": {
        "content": [
            {
                "0": [
                    [
                        {
                            "id": "test"
                        },
                        "test.h5ad:md5,d844d26e55be880aa21a17de250d377f"
                    ]
                ],
                "1": [
                    "test_mqc.json:md5,75c5c15c12d2623834a62ead3dea27bd"
                ],
                "2": [
                    "versions.yml:md5,06146b2e750e8ff6268b2f2b2d166ca1",
                    "versions.yml:md5,9212247d587deed38d006b59067887a9"
                ],
                "h5ad": [
                    [
                        {
                            "id": "test"
                        },
                        "test.h5ad:md5,d844d26e55be880aa21a17de250d377f"
                    ]
                ],
                "multiqc_files": [
                    "test_mqc.json:md5,75c5c15c12d2623834a62ead3dea27bd"
                ],
                "versions": [
                    "versions.yml:md5,06146b2e750e8ff6268b2f2b2d166ca1",
                    "versions.yml:md5,9212247d587deed38d006b59067887a9"
                ]
            }
        ],
        "meta": {
            "nf-test": "0.9.0",
            "nextflow": "24.04.4"
        },
        "timestamp": "2025-04-13T20:32:16.824747605"
    }
}