{
    "Should run without ambient RNA removal and doublet detection": {
        "content": [
            {
                "0": [
                    [
                        {
                            "id": "test",
                            "batch_col": "sample",
                            "counts_layer": "X"
                        },
                        "test_filtered.h5ad:md5,61bfa1ca3b9bc330354511fad6bc84ec"
                    ]
                ],
                "1": [
                    "sizes_mqc.json:md5,a43b257a3c6e4c8b90be1ceaf3cc596d",
                    "test_preprocessed_mqc.json:md5,b1b70fe5a7e0b468ef7ca46d830c459c",
                    "test_raw_mqc.json:md5,056c301623fb615ba22293e6b4b83cc3"
                ],
                "2": [
                    "versions.yml:md5,3c7417bff601859a86cdcb86fa6bfcb3",
                    "versions.yml:md5,42c1abd6c5e1c373ee37d53bcdcedd13",
                    "versions.yml:md5,53938cd26fe63616cc4524da4b6062c5",
                    "versions.yml:md5,54a68d209b5d7940bc149891d0f219b9",
                    "versions.yml:md5,88b8f8687e69ee5ccecf75b7e6845176",
                    "versions.yml:md5,93254cb7ea8020ead8a711cde452236a",
                    "versions.yml:md5,c4bcd7799f794fb7a2ab6b9a32d346f9",
                    "versions.yml:md5,c4fa0994e912b7196f0dbce73012ae76"
                ],
                "h5ad": [
                    [
                        {
                            "id": "test",
                            "batch_col": "sample",
                            "counts_layer": "X"
                        },
                        "test_filtered.h5ad:md5,61bfa1ca3b9bc330354511fad6bc84ec"
                    ]
                ],
                "multiqc_files": [
                    "sizes_mqc.json:md5,a43b257a3c6e4c8b90be1ceaf3cc596d",
                    "test_preprocessed_mqc.json:md5,b1b70fe5a7e0b468ef7ca46d830c459c",
                    "test_raw_mqc.json:md5,056c301623fb615ba22293e6b4b83cc3"
                ],
                "versions": [
                    "versions.yml:md5,3c7417bff601859a86cdcb86fa6bfcb3",
                    "versions.yml:md5,42c1abd6c5e1c373ee37d53bcdcedd13",
                    "versions.yml:md5,53938cd26fe63616cc4524da4b6062c5",
                    "versions.yml:md5,54a68d209b5d7940bc149891d0f219b9",
                    "versions.yml:md5,88b8f8687e69ee5ccecf75b7e6845176",
                    "versions.yml:md5,93254cb7ea8020ead8a711cde452236a",
                    "versions.yml:md5,c4bcd7799f794fb7a2ab6b9a32d346f9",
                    "versions.yml:md5,c4fa0994e912b7196f0dbce73012ae76"
                ]
            }
        ],
        "meta": {
            "nf-test": "0.9.0",
            "nextflow": "25.04.2"
        },
        "timestamp": "2025-06-02T12:16:33.861788492"
    },
    "Should run with ambient RNA removal and doublet detection - stub": {
        "content": [
            {
                "0": [
                    [
                        {
                            "id": "test",
                            "batch_col": "sample",
                            "counts_layer": "X"
                        },
                        "test.h5ad:md5,d41d8cd98f00b204e9800998ecf8427e"
                    ]
                ],
                "1": [
                    "sizes_mqc.json:md5,d41d8cd98f00b204e9800998ecf8427e",
                    "test_mqc.json:md5,d41d8cd98f00b204e9800998ecf8427e",
                    "test_preprocessed_mqc.json:md5,d41d8cd98f00b204e9800998ecf8427e",
                    "test_raw_mqc.json:md5,d41d8cd98f00b204e9800998ecf8427e"
                ],
                "2": [
                    "versions.yml:md5,3c7417bff601859a86cdcb86fa6bfcb3",
                    "versions.yml:md5,53938cd26fe63616cc4524da4b6062c5",
                    "versions.yml:md5,88b8f8687e69ee5ccecf75b7e6845176",
                    "versions.yml:md5,c4bcd7799f794fb7a2ab6b9a32d346f9",
                    "versions.yml:md5,d41d8cd98f00b204e9800998ecf8427e",
                    "versions.yml:md5,d41d8cd98f00b204e9800998ecf8427e",
                    "versions.yml:md5,d41d8cd98f00b204e9800998ecf8427e",
                    "versions.yml:md5,d41d8cd98f00b204e9800998ecf8427e",
                    "versions.yml:md5,d41d8cd98f00b204e9800998ecf8427e",
                    "versions.yml:md5,d41d8cd98f00b204e9800998ecf8427e",
                    "versions.yml:md5,d41d8cd98f00b204e9800998ecf8427e"
                ],
                "h5ad": [
                    [
                        {
                            "id": "test",
                            "batch_col": "sample",
                            "counts_layer": "X"
                        },
                        "test.h5ad:md5,d41d8cd98f00b204e9800998ecf8427e"
                    ]
                ],
                "multiqc_files": [
                    "sizes_mqc.json:md5,d41d8cd98f00b204e9800998ecf8427e",
                    "test_mqc.json:md5,d41d8cd98f00b204e9800998ecf8427e",
                    "test_preprocessed_mqc.json:md5,d41d8cd98f00b204e9800998ecf8427e",
                    "test_raw_mqc.json:md5,d41d8cd98f00b204e9800998ecf8427e"
                ],
                "versions": [
                    "versions.yml:md5,3c7417bff601859a86cdcb86fa6bfcb3",
                    "versions.yml:md5,53938cd26fe63616cc4524da4b6062c5",
                    "versions.yml:md5,88b8f8687e69ee5ccecf75b7e6845176",
                    "versions.yml:md5,c4bcd7799f794fb7a2ab6b9a32d346f9",
                    "versions.yml:md5,d41d8cd98f00b204e9800998ecf8427e",
                    "versions.yml:md5,d41d8cd98f00b204e9800998ecf8427e",
                    "versions.yml:md5,d41d8cd98f00b204e9800998ecf8427e",
                    "versions.yml:md5,d41d8cd98f00b204e9800998ecf8427e",
                    "versions.yml:md5,d41d8cd98f00b204e9800998ecf8427e",
                    "versions.yml:md5,d41d8cd98f00b204e9800998ecf8427e",
                    "versions.yml:md5,d41d8cd98f00b204e9800998ecf8427e"
                ]
            }
        ],
        "meta": {
            "nf-test": "0.9.0",
            "nextflow": "25.04.2"
        },
        "timestamp": "2025-06-02T12:19:54.164934349"
    },
    "Should run with ambient RNA removal and doublet detection": {
        "content": [
            {
                "0": [
                    [
                        {
                            "id": "test",
                            "batch_col": "sample",
                            "counts_layer": "X"
                        },
                        "test.h5ad:md5,806221ebb2855a758ea2df4f1a53c839"
                    ]
                ],
                "1": [
                    "sizes_mqc.json:md5,6bf323bb1f270339ca8f39de663d2387",
                    "test_preprocessed_mqc.json:md5,a50a11c5d7eb529fb75d23acb6733813",
                    "test_raw_mqc.json:md5,056c301623fb615ba22293e6b4b83cc3"
                ],
                "2": [
                    "versions.yml:md5,3c7417bff601859a86cdcb86fa6bfcb3",
                    "versions.yml:md5,42c1abd6c5e1c373ee37d53bcdcedd13",
                    "versions.yml:md5,53938cd26fe63616cc4524da4b6062c5",
                    "versions.yml:md5,54a68d209b5d7940bc149891d0f219b9",
                    "versions.yml:md5,88b8f8687e69ee5ccecf75b7e6845176",
                    "versions.yml:md5,8d42b8eebbd3b215d93707b3e14dba8d",
                    "versions.yml:md5,93254cb7ea8020ead8a711cde452236a",
                    "versions.yml:md5,a377a3970aa010e36ca787f911d0bcfc",
                    "versions.yml:md5,bec5ecb8a91456f3975b68d8b549c1de",
                    "versions.yml:md5,c4bcd7799f794fb7a2ab6b9a32d346f9",
                    "versions.yml:md5,c4fa0994e912b7196f0dbce73012ae76"
                ],
                "h5ad": [
                    [
                        {
                            "id": "test",
                            "batch_col": "sample",
                            "counts_layer": "X"
                        },
                        "test.h5ad:md5,806221ebb2855a758ea2df4f1a53c839"
                    ]
                ],
                "multiqc_files": [
                    "sizes_mqc.json:md5,6bf323bb1f270339ca8f39de663d2387",
                    "test_preprocessed_mqc.json:md5,a50a11c5d7eb529fb75d23acb6733813",
                    "test_raw_mqc.json:md5,056c301623fb615ba22293e6b4b83cc3"
                ],
                "versions": [
                    "versions.yml:md5,3c7417bff601859a86cdcb86fa6bfcb3",
                    "versions.yml:md5,42c1abd6c5e1c373ee37d53bcdcedd13",
                    "versions.yml:md5,53938cd26fe63616cc4524da4b6062c5",
                    "versions.yml:md5,54a68d209b5d7940bc149891d0f219b9",
                    "versions.yml:md5,88b8f8687e69ee5ccecf75b7e6845176",
                    "versions.yml:md5,8d42b8eebbd3b215d93707b3e14dba8d",
                    "versions.yml:md5,93254cb7ea8020ead8a711cde452236a",
                    "versions.yml:md5,a377a3970aa010e36ca787f911d0bcfc",
                    "versions.yml:md5,bec5ecb8a91456f3975b68d8b549c1de",
                    "versions.yml:md5,c4bcd7799f794fb7a2ab6b9a32d346f9",
                    "versions.yml:md5,c4fa0994e912b7196f0dbce73012ae76"
                ]
            }
        ],
        "meta": {
            "nf-test": "0.9.0",
            "nextflow": "25.04.2"
        },
        "timestamp": "2025-06-02T12:19:28.243466212"
    }
}