{
    "Should run without failures - stub": {
        "content": [
            {
                "0": [
                    [
                        {
                            "id": "test1"
                        },
                        "test1_unified.h5ad:md5,d41d8cd98f00b204e9800998ecf8427e"
                    ],
                    [
                        {
                            "id": "test2"
                        },
                        "test2_unified.h5ad:md5,d41d8cd98f00b204e9800998ecf8427e"
                    ]
                ],
                "1": [
                    "versions.yml:md5,d41d8cd98f00b204e9800998ecf8427e",
                    "versions.yml:md5,d41d8cd98f00b204e9800998ecf8427e",
                    "versions.yml:md5,d41d8cd98f00b204e9800998ecf8427e"
                ],
                "h5ad": [
                    [
                        {
                            "id": "test1"
                        },
                        "test1_unified.h5ad:md5,d41d8cd98f00b204e9800998ecf8427e"
                    ],
                    [
                        {
                            "id": "test2"
                        },
                        "test2_unified.h5ad:md5,d41d8cd98f00b204e9800998ecf8427e"
                    ]
                ],
                "versions": [
                    "versions.yml:md5,d41d8cd98f00b204e9800998ecf8427e",
                    "versions.yml:md5,d41d8cd98f00b204e9800998ecf8427e",
                    "versions.yml:md5,d41d8cd98f00b204e9800998ecf8427e"
                ]
            }
        ],
        "meta": {
            "nf-test": "0.9.0",
            "nextflow": "24.04.4"
        },
        "timestamp": "2025-04-14T09:29:33.087192843"
    },
    "Should run without failures": {
        "content": [
            {
                "0": [
                    [
                        {
                            "id": "test1"
                        },
                        "test1_unified.h5ad:md5,dd93004c8598be3115e5b0e88121ad21"
                    ],
                    [
                        {
                            "id": "test2"
                        },
                        "test2_unified.h5ad:md5,dd93004c8598be3115e5b0e88121ad21"
                    ]
                ],
                "1": [
                    "versions.yml:md5,09a5223e83d0e605afb49e9a791dd2bd",
                    "versions.yml:md5,4a65b8a464550c575b7cc4ee60d56333",
                    "versions.yml:md5,4a65b8a464550c575b7cc4ee60d56333"
                ],
                "h5ad": [
                    [
                        {
                            "id": "test1"
                        },
                        "test1_unified.h5ad:md5,dd93004c8598be3115e5b0e88121ad21"
                    ],
                    [
                        {
                            "id": "test2"
                        },
                        "test2_unified.h5ad:md5,dd93004c8598be3115e5b0e88121ad21"
                    ]
                ],
                "versions": [
                    "versions.yml:md5,09a5223e83d0e605afb49e9a791dd2bd",
                    "versions.yml:md5,4a65b8a464550c575b7cc4ee60d56333",
                    "versions.yml:md5,4a65b8a464550c575b7cc4ee60d56333"
                ]
            }
        ],
        "meta": {
            "nf-test": "0.9.0",
            "nextflow": "24.04.4"
        },
        "timestamp": "2025-04-14T09:29:13.474976747"
    }
}