{
    "Should run without failures - prefix - stub": {
        "content": [
            {
                "0": [
                    [
                        {
                            "id": "test"
                        },
                        "test.xyz.h5ad:md5,d41d8cd98f00b204e9800998ecf8427e"
                    ]
                ],
                "1": [
                    "versions.yml:md5,d41d8cd98f00b204e9800998ecf8427e"
                ],
                "h5ad": [
                    [
                        {
                            "id": "test"
                        },
                        "test.xyz.h5ad:md5,d41d8cd98f00b204e9800998ecf8427e"
                    ]
                ],
                "versions": [
                    "versions.yml:md5,d41d8cd98f00b204e9800998ecf8427e"
                ]
            }
        ],
        "meta": {
            "nf-test": "0.9.0",
            "nextflow": "24.04.4"
        },
        "timestamp": "2025-04-11T22:25:42.519525279"
    },
    "Should run without failures - stub": {
        "content": [
            {
                "0": [
                    [
                        {
                            "id": "test"
                        },
                        "test.h5ad:md5,d41d8cd98f00b204e9800998ecf8427e"
                    ]
                ],
                "1": [
                    "versions.yml:md5,d41d8cd98f00b204e9800998ecf8427e"
                ],
                "h5ad": [
                    [
                        {
                            "id": "test"
                        },
                        "test.h5ad:md5,d41d8cd98f00b204e9800998ecf8427e"
                    ]
                ],
                "versions": [
                    "versions.yml:md5,d41d8cd98f00b204e9800998ecf8427e"
                ]
            }
        ],
        "meta": {
            "nf-test": "0.9.0",
            "nextflow": "24.04.4"
        },
        "timestamp": "2025-04-11T22:25:29.044468317"
    },
    "Should run without failures": {
        "content": [
            {
                "0": [
                    [
                        {
                            "id": "test"
                        },
                        "test.h5ad:md5,7fadbc3f846b876a51cf1126f493d09a"
                    ]
                ],
                "1": [
                    "versions.yml:md5,7ce42349acddcbe3008c47d9b64f2701"
                ],
                "h5ad": [
                    [
                        {
                            "id": "test"
                        },
                        "test.h5ad:md5,7fadbc3f846b876a51cf1126f493d09a"
                    ]
                ],
                "versions": [
                    "versions.yml:md5,7ce42349acddcbe3008c47d9b64f2701"
                ]
            }
        ],
        "meta": {
            "nf-test": "0.9.0",
            "nextflow": "24.04.4"
        },
        "timestamp": "2025-04-11T22:25:01.419744971"
    },
    "Should run without failures - prefix": {
        "content": [
            {
                "0": [
                    [
                        {
                            "id": "test"
                        },
                        "test.xyz.h5ad:md5,7fadbc3f846b876a51cf1126f493d09a"
                    ]
                ],
                "1": [
                    "versions.yml:md5,7ce42349acddcbe3008c47d9b64f2701"
                ],
                "h5ad": [
                    [
                        {
                            "id": "test"
                        },
                        "test.xyz.h5ad:md5,7fadbc3f846b876a51cf1126f493d09a"
                    ]
                ],
                "versions": [
                    "versions.yml:md5,7ce42349acddcbe3008c47d9b64f2701"
                ]
            }
        ],
        "meta": {
            "nf-test": "0.9.0",
            "nextflow": "24.04.4"
        },
        "timestamp": "2025-04-11T22:25:15.320570019"
    }
}