{
    "Should run without failures - stub": {
        "content": [
            {
                "0": [
                    [
                        {
                            "id": "test"
                        },
                        "test.h5ad:md5,d41d8cd98f00b204e9800998ecf8427e"
                    ]
                ],
                "1": [
                    "X_test.pkl:md5,d41d8cd98f00b204e9800998ecf8427e"
                ],
                "2": [
                    "versions.yml:md5,d41d8cd98f00b204e9800998ecf8427e"
                ],
                "h5ad": [
                    [
                        {
                            "id": "test"
                        },
                        "test.h5ad:md5,d41d8cd98f00b204e9800998ecf8427e"
                    ]
                ],
                "obsm": [
                    "X_test.pkl:md5,d41d8cd98f00b204e9800998ecf8427e"
                ],
                "versions": [
                    "versions.yml:md5,d41d8cd98f00b204e9800998ecf8427e"
                ]
            }
        ],
        "meta": {
            "nf-test": "0.9.0",
            "nextflow": "25.04.2"
        },
        "timestamp": "2025-06-02T10:39:13.014143908"
    },
    "Should run without failures": {
        "content": [
            {
                "0": [
                    [
                        {
                            "id": "test"
                        },
                        "test.h5ad:md5,4a3eeb7c2d177bdd8fba5d68ce0a4542"
                    ]
                ],
                "1": [
                    "X_test.pkl:md5,05e0e45a8274a59496f188b0bba91208"
                ],
                "2": [
                    "versions.yml:md5,8dd6b67d52121ffea06f0546bd248df7"
                ],
                "h5ad": [
                    [
                        {
                            "id": "test"
                        },
                        "test.h5ad:md5,4a3eeb7c2d177bdd8fba5d68ce0a4542"
                    ]
                ],
                "obsm": [
                    "X_test.pkl:md5,05e0e45a8274a59496f188b0bba91208"
                ],
                "versions": [
                    "versions.yml:md5,8dd6b67d52121ffea06f0546bd248df7"
                ]
            }
        ],
        "meta": {
            "nf-test": "0.9.2",
            "nextflow": "25.04.3"
        },
        "timestamp": "2025-06-22T17:37:53.36398184"
    }
}