{
    "Should run without failures - stub": {
        "content": [
            {
                "0": [
                    [
                        {
                            "id": "test"
                        },
                        "test_scrublet.h5ad:md5,cdc11ec31e0ecacc058cb7570fe4d320"
                    ]
                ],
                "1": [
                    [
                        {
                            "id": "test"
                        },
                        "test_scrublet.pkl:md5,c6b42b29ade24f5793509e6d654cd45c"
                    ]
                ],
                "2": [
                    "versions.yml:md5,32a0150a445cfab52dd69f62c916c2ab"
                ],
                "h5ad": [
                    [
                        {
                            "id": "test"
                        },
                        "test_scrublet.h5ad:md5,cdc11ec31e0ecacc058cb7570fe4d320"
                    ]
                ],
                "predictions": [
                    [
                        {
                            "id": "test"
                        },
                        "test_scrublet.pkl:md5,c6b42b29ade24f5793509e6d654cd45c"
                    ]
                ],
                "versions": [
                    "versions.yml:md5,32a0150a445cfab52dd69f62c916c2ab"
                ]
            }
        ],
        "meta": {
            "nf-test": "0.9.0",
            "nextflow": "24.04.4"
        },
        "timestamp": "2025-04-13T19:01:39.653187086"
    },
    "Should run without failures": {
        "content": [
            {
                "0": [
                    [
                        {
                            "id": "test"
                        },
                        "test_scrublet.h5ad:md5,cdc11ec31e0ecacc058cb7570fe4d320"
                    ]
                ],
                "1": [
                    [
                        {
                            "id": "test"
                        },
                        "test_scrublet.pkl:md5,c6b42b29ade24f5793509e6d654cd45c"
                    ]
                ],
                "2": [
                    "versions.yml:md5,32a0150a445cfab52dd69f62c916c2ab"
                ],
                "h5ad": [
                    [
                        {
                            "id": "test"
                        },
                        "test_scrublet.h5ad:md5,cdc11ec31e0ecacc058cb7570fe4d320"
                    ]
                ],
                "predictions": [
                    [
                        {
                            "id": "test"
                        },
                        "test_scrublet.pkl:md5,c6b42b29ade24f5793509e6d654cd45c"
                    ]
                ],
                "versions": [
                    "versions.yml:md5,32a0150a445cfab52dd69f62c916c2ab"
                ]
            }
        ],
        "meta": {
            "nf-test": "0.9.0",
            "nextflow": "24.04.4"
        },
        "timestamp": "2025-04-13T19:00:29.12449088"
    }
}