{
    "Should run without failures - stub": {
        "content": [
            {
                "0": [
                    [
                        {
                            "id": "test"
                        },
                        "test.h5ad:md5,d41d8cd98f00b204e9800998ecf8427e"
                    ]
                ],
                "1": [
                    "test.pkl:md5,d41d8cd98f00b204e9800998ecf8427e"
                ],
                "2": [
                    
                ],
                "3": [
                    
                ],
                "4": [
                    "versions.yml:md5,d41d8cd98f00b204e9800998ecf8427e"
                ],
                "h5ad": [
                    [
                        {
                            "id": "test"
                        },
                        "test.h5ad:md5,d41d8cd98f00b204e9800998ecf8427e"
                    ]
                ],
                "multiqc_files": [
                    
                ],
                "obs": [
                    "test.pkl:md5,d41d8cd98f00b204e9800998ecf8427e"
                ],
                "plots": [
                    
                ],
                "versions": [
                    "versions.yml:md5,d41d8cd98f00b204e9800998ecf8427e"
                ]
            }
        ],
        "meta": {
            "nf-test": "0.9.0",
            "nextflow": "25.04.2"
        },
        "timestamp": "2025-06-02T10:30:47.150449287"
    },
    "Should run without failures": {
        "content": [
            {
                "0": [
                    [
                        {
                            "id": "test"
                        },
                        "test.h5ad:md5,2076c8d6584e1bfe1dc6a2752ec8af47"
                    ]
                ],
                "1": [
                    "test.pkl:md5,8641f6b415af97d7af2f73a8678da37a"
                ],
                "2": [
                    
                ],
                "3": [
                    
                ],
                "4": [
                    "versions.yml:md5,d9877a66ed7fe1620ae9c989401cc39d"
                ],
                "h5ad": [
                    [
                        {
                            "id": "test"
                        },
                        "test.h5ad:md5,2076c8d6584e1bfe1dc6a2752ec8af47"
                    ]
                ],
                "multiqc_files": [
                    
                ],
                "obs": [
                    "test.pkl:md5,8641f6b415af97d7af2f73a8678da37a"
                ],
                "plots": [
                    
                ],
                "versions": [
                    "versions.yml:md5,d9877a66ed7fe1620ae9c989401cc39d"
                ]
            }
        ],
        "meta": {
            "nf-test": "0.9.0",
            "nextflow": "25.04.2"
        },
        "timestamp": "2025-06-02T10:30:31.306826878"
    }
}