{
    "Should run without resolution empty list": {
        "content": [
            {
                "0": [
                    [
                        {
                            "id": "test"
                        },
                        "test.h5ad:md5,5cbd0537763c8455fb1b659446ef9e43"
                    ]
                ],
                "1": [
                    "test.pkl:md5,eb022e668947220acd579ffd645aff7b"
                ],
                "2": [
                    
                ],
                "3": [
                    
                ],
                "4": [
                    "versions.yml:md5,d9877a66ed7fe1620ae9c989401cc39d"
                ],
                "h5ad": [
                    [
                        {
                            "id": "test"
                        },
                        "test.h5ad:md5,5cbd0537763c8455fb1b659446ef9e43"
                    ]
                ],
                "multiqc_files": [
                    
                ],
                "obs": [
                    "test.pkl:md5,eb022e668947220acd579ffd645aff7b"
                ],
                "plots": [
                    
                ],
                "versions": [
                    "versions.yml:md5,d9877a66ed7fe1620ae9c989401cc39d"
                ]
            }
        ],
        "meta": {
            "nf-test": "0.9.2",
            "nextflow": "24.10.4"
        },
        "timestamp": "2025-05-24T20:39:06.323812364"
    },
    "Should run without resolution null": {
        "content": [
            {
                "0": [
                    [
                        {
                            "id": "test"
                        },
                        "test.h5ad:md5,5cbd0537763c8455fb1b659446ef9e43"
                    ]
                ],
                "1": [
                    "test.pkl:md5,eb022e668947220acd579ffd645aff7b"
                ],
                "2": [
                    
                ],
                "3": [
                    
                ],
                "4": [
                    "versions.yml:md5,d9877a66ed7fe1620ae9c989401cc39d"
                ],
                "h5ad": [
                    [
                        {
                            "id": "test"
                        },
                        "test.h5ad:md5,5cbd0537763c8455fb1b659446ef9e43"
                    ]
                ],
                "multiqc_files": [
                    
                ],
                "obs": [
                    "test.pkl:md5,eb022e668947220acd579ffd645aff7b"
                ],
                "plots": [
                    
                ],
                "versions": [
                    "versions.yml:md5,d9877a66ed7fe1620ae9c989401cc39d"
                ]
            }
        ],
        "meta": {
            "nf-test": "0.9.2",
            "nextflow": "24.10.4"
        },
        "timestamp": "2025-05-24T20:38:25.680012429"
    },
    "Should run without failures - stub": {
        "content": [
            {
                "0": [
                    [
                        {
                            "id": "test"
                        },
                        "test.h5ad:md5,d41d8cd98f00b204e9800998ecf8427e"
                    ]
                ],
                "1": [
                    "test.pkl:md5,d41d8cd98f00b204e9800998ecf8427e"
                ],
                "2": [
                    
                ],
                "3": [
                    
                ],
                "4": [
                    "versions.yml:md5,d41d8cd98f00b204e9800998ecf8427e"
                ],
                "h5ad": [
                    [
                        {
                            "id": "test"
                        },
                        "test.h5ad:md5,d41d8cd98f00b204e9800998ecf8427e"
                    ]
                ],
                "multiqc_files": [
                    
                ],
                "obs": [
                    "test.pkl:md5,d41d8cd98f00b204e9800998ecf8427e"
                ],
                "plots": [
                    
                ],
                "versions": [
                    "versions.yml:md5,d41d8cd98f00b204e9800998ecf8427e"
                ]
            }
        ],
        "meta": {
            "nf-test": "0.9.2",
            "nextflow": "24.10.4"
        },
        "timestamp": "2025-05-24T20:39:26.185253688"
    },
    "Should run without failures": {
        "content": [
            {
                "0": [
                    [
                        {
                            "id": "test"
                        },
                        "test.h5ad:md5,5cbd0537763c8455fb1b659446ef9e43"
                    ]
                ],
                "1": [
                    "test.pkl:md5,eb022e668947220acd579ffd645aff7b"
                ],
                "2": [
                    
                ],
                "3": [
                    
                ],
                "4": [
                    "versions.yml:md5,d9877a66ed7fe1620ae9c989401cc39d"
                ],
                "h5ad": [
                    [
                        {
                            "id": "test"
                        },
                        "test.h5ad:md5,5cbd0537763c8455fb1b659446ef9e43"
                    ]
                ],
                "multiqc_files": [
                    
                ],
                "obs": [
                    "test.pkl:md5,eb022e668947220acd579ffd645aff7b"
                ],
                "plots": [
                    
                ],
                "versions": [
                    "versions.yml:md5,d9877a66ed7fe1620ae9c989401cc39d"
                ]
            }
        ],
        "meta": {
            "nf-test": "0.9.2",
            "nextflow": "24.10.4"
        },
        "timestamp": "2025-05-24T20:37:44.774649877"
    }
}