{
    "Should run without failures - stub": {
        "content": [
            {
                "0": [
                    [
                        {
                            "id": "test"
                        },
                        "test.h5ad:md5,d41d8cd98f00b204e9800998ecf8427e"
                    ]
                ],
                "1": [
                    "X_test.pkl:md5,d41d8cd98f00b204e9800998ecf8427e"
                ],
                "2": [
                    "versions.yml:md5,d41d8cd98f00b204e9800998ecf8427e"
                ],
                "h5ad": [
                    [
                        {
                            "id": "test"
                        },
                        "test.h5ad:md5,d41d8cd98f00b204e9800998ecf8427e"
                    ]
                ],
                "obsm": [
                    "X_test.pkl:md5,d41d8cd98f00b204e9800998ecf8427e"
                ],
                "versions": [
                    "versions.yml:md5,d41d8cd98f00b204e9800998ecf8427e"
                ]
            }
        ],
        "meta": {
            "nf-test": "0.9.0",
            "nextflow": "25.04.2"
        },
        "timestamp": "2025-06-02T10:39:13.014143908"
    },
    "Should run without failures": {
        "content": [
            {
                "0": [
                    [
                        {
                            "id": "test"
                        },
                        "test.h5ad:md5,d6d28ed09f840e8b2b03f2141ec9c86f"
                    ]
                ],
                "1": [
                    "X_test.pkl:md5,3e4a5c2297490a3165471b56f5ab486c"
                ],
                "2": [
                    "versions.yml:md5,8dd6b67d52121ffea06f0546bd248df7"
                ],
                "h5ad": [
                    [
                        {
                            "id": "test"
                        },
                        "test.h5ad:md5,d6d28ed09f840e8b2b03f2141ec9c86f"
                    ]
                ],
                "obsm": [
                    "X_test.pkl:md5,3e4a5c2297490a3165471b56f5ab486c"
                ],
                "versions": [
                    "versions.yml:md5,8dd6b67d52121ffea06f0546bd248df7"
                ]
            }
        ],
        "meta": {
            "nf-test": "0.9.0",
            "nextflow": "25.04.2"
        },
        "timestamp": "2025-06-04T17:38:36.42589523"
    }
}