{
    "Should run without failures - stub": {
        "content": [
            {
                "0": [
                    [
                        {
                            "id": "test"
                        },
                        [
                            "test1.csv:md5,d41d8cd98f00b204e9800998ecf8427e",
                            "test2.csv:md5,d41d8cd98f00b204e9800998ecf8427e"
                        ]
                    ]
                ],
                "1": [
                    "versions.yml:md5,d41d8cd98f00b204e9800998ecf8427e"
                ],
                "changes": [
                    [
                        {
                            "id": "test"
                        },
                        [
                            "test1.csv:md5,d41d8cd98f00b204e9800998ecf8427e",
                            "test2.csv:md5,d41d8cd98f00b204e9800998ecf8427e"
                        ]
                    ]
                ],
                "versions": [
                    "versions.yml:md5,d41d8cd98f00b204e9800998ecf8427e"
                ]
            }
        ],
        "meta": {
            "nf-test": "0.9.0",
            "nextflow": "24.04.4"
        },
        "timestamp": "2025-04-13T22:33:38.026710093"
    },
    "Should run without failures": {
        "content": [
            {
                "0": [
                    [
                        {
                            "id": "test"
                        },
                        [
                            "test1.csv:md5,2d5a524c602f273913fd28051f4c4258",
                            "test2.csv:md5,2d5a524c602f273913fd28051f4c4258"
                        ]
                    ]
                ],
                "1": [
                    "versions.yml:md5,3edaa0cc8a9a400eb2506fd69ee19df4"
                ],
                "changes": [
                    [
                        {
                            "id": "test"
                        },
                        [
                            "test1.csv:md5,2d5a524c602f273913fd28051f4c4258",
                            "test2.csv:md5,2d5a524c602f273913fd28051f4c4258"
                        ]
                    ]
                ],
                "versions": [
                    "versions.yml:md5,3edaa0cc8a9a400eb2506fd69ee19df4"
                ]
            }
        ],
        "meta": {
            "nf-test": "0.9.0",
            "nextflow": "24.04.4"
        },
        "timestamp": "2025-04-13T22:33:24.380788541"
    }
}