{
    "Should run without failures - stub": {
        "content": [
            {
                "0": [
                    [
                        {
                            "id": "test"
                        },
                        "test_null_unified.h5ad:md5,d41d8cd98f00b204e9800998ecf8427e"
                    ]
                ],
                "1": [
                    "versions.yml:md5,d41d8cd98f00b204e9800998ecf8427e"
                ],
                "h5ad": [
                    [
                        {
                            "id": "test"
                        },
                        "test_null_unified.h5ad:md5,d41d8cd98f00b204e9800998ecf8427e"
                    ]
                ],
                "versions": [
                    "versions.yml:md5,d41d8cd98f00b204e9800998ecf8427e"
                ]
            }
        ],
        "meta": {
            "nf-test": "0.9.0",
            "nextflow": "24.04.4"
        },
        "timestamp": "2025-04-14T12:35:14.463508098"
    },
    "Should run without failures": {
        "content": [
            {
                "0": [
                    [
                        {
                            "id": "test"
                        },
                        "test_null_unified.h5ad:md5,efdca7305f82a04cca0380fb29e55207"
                    ]
                ],
                "1": [
                    "versions.yml:md5,72b2effb6e20ea363d9426598902ab4e"
                ],
                "h5ad": [
                    [
                        {
                            "id": "test"
                        },
                        "test_null_unified.h5ad:md5,efdca7305f82a04cca0380fb29e55207"
                    ]
                ],
                "versions": [
                    "versions.yml:md5,72b2effb6e20ea363d9426598902ab4e"
                ]
            }
        ],
        "meta": {
            "nf-test": "0.9.0",
            "nextflow": "24.04.4"
        },
        "timestamp": "2025-04-14T12:34:59.037129213"
    }
}