{
    "Should run without failures - stub": {
        "content": [
            {
                "0": [
                    [
                        {
                            "id": "test"
                        },
                        "test_unified.h5ad:md5,d41d8cd98f00b204e9800998ecf8427e"
                    ]
                ],
                "1": [
                    "versions.yml:md5,d41d8cd98f00b204e9800998ecf8427e"
                ],
                "h5ad": [
                    [
                        {
                            "id": "test"
                        },
                        "test_unified.h5ad:md5,d41d8cd98f00b204e9800998ecf8427e"
                    ]
                ],
                "versions": [
                    "versions.yml:md5,d41d8cd98f00b204e9800998ecf8427e"
                ]
            }
        ],
        "meta": {
            "nf-test": "0.9.0",
            "nextflow": "25.04.2"
        },
        "timestamp": "2025-06-03T07:42:52.246270977"
    },
    "Should run without failures": {
        "content": [
            {
                "0": [
                    [
                        {
                            "id": "test"
                        },
                        "test_unified.h5ad:md5,428f88698ad4d40076386a38a42cfbbf"
                    ]
                ],
                "1": [
                    "versions.yml:md5,72b2effb6e20ea363d9426598902ab4e"
                ],
                "h5ad": [
                    [
                        {
                            "id": "test"
                        },
                        "test_unified.h5ad:md5,428f88698ad4d40076386a38a42cfbbf"
                    ]
                ],
                "versions": [
                    "versions.yml:md5,72b2effb6e20ea363d9426598902ab4e"
                ]
            }
        ],
        "meta": {
            "nf-test": "0.9.0",
            "nextflow": "25.04.2"
        },
        "timestamp": "2025-06-03T07:42:41.836985742"
    }
}