{
    "Should run without base": {
        "content": [
            {
                "0": [
                    [
                        {
                            "id": "test1"
                        },
                        "test1_outer.h5ad:md5,2d3fedf7c30a41d0cbdda0d5ce334707"
                    ],
                    [
                        {
                            "id": "test2"
                        },
                        "test2_outer.h5ad:md5,fedefe59e5cb860c924abded7d837f4e"
                    ],
                    [
                        {
                            "id": "test3"
                        },
                        "test3_outer.h5ad:md5,48a066a8d4bd6e7f9a3c526135af8e66"
                    ]
                ],
                "1": [
                    [
                        {
                            "id": "test1"
                        },
                        "test1_inner.h5ad:md5,2d3fedf7c30a41d0cbdda0d5ce334707"
                    ],
                    [
                        {
                            "id": "test2"
                        },
                        "test2_inner.h5ad:md5,fedefe59e5cb860c924abded7d837f4e"
                    ],
                    [
                        {
                            "id": "test3"
                        },
                        "test3_inner.h5ad:md5,48a066a8d4bd6e7f9a3c526135af8e66"
                    ]
                ],
                "2": [
                    [
                        {
                            "id": "test1"
                        },
                        "test1_integrate.h5ad:md5,2d3fedf7c30a41d0cbdda0d5ce334707"
                    ],
                    [
                        {
                            "id": "test2"
                        },
                        "test2_integrate.h5ad:md5,fedefe59e5cb860c924abded7d837f4e"
                    ],
                    [
                        {
                            "id": "test3"
                        },
                        "test3_integrate.h5ad:md5,48a066a8d4bd6e7f9a3c526135af8e66"
                    ]
                ],
                "3": [
                    "gene_intersection.pkl:md5,b00d4f9b7f7e795225c6951b235a4ebf",
                    "gene_intersection.pkl:md5,b00d4f9b7f7e795225c6951b235a4ebf",
                    "gene_intersection.pkl:md5,b00d4f9b7f7e795225c6951b235a4ebf"
                ],
                "4": [
                    "versions.yml:md5,b38e6675a7438ac7fd9dd79e2fc5c466",
                    "versions.yml:md5,b38e6675a7438ac7fd9dd79e2fc5c466",
                    "versions.yml:md5,b38e6675a7438ac7fd9dd79e2fc5c466"
                ],
                "inner": [
                    [
                        {
                            "id": "test1"
                        },
                        "test1_inner.h5ad:md5,2d3fedf7c30a41d0cbdda0d5ce334707"
                    ],
                    [
                        {
                            "id": "test2"
                        },
                        "test2_inner.h5ad:md5,fedefe59e5cb860c924abded7d837f4e"
                    ],
                    [
                        {
                            "id": "test3"
                        },
                        "test3_inner.h5ad:md5,48a066a8d4bd6e7f9a3c526135af8e66"
                    ]
                ],
                "integrate": [
                    [
                        {
                            "id": "test1"
                        },
                        "test1_integrate.h5ad:md5,2d3fedf7c30a41d0cbdda0d5ce334707"
                    ],
                    [
                        {
                            "id": "test2"
                        },
                        "test2_integrate.h5ad:md5,fedefe59e5cb860c924abded7d837f4e"
                    ],
                    [
                        {
                            "id": "test3"
                        },
                        "test3_integrate.h5ad:md5,48a066a8d4bd6e7f9a3c526135af8e66"
                    ]
                ],
                "intersect_genes": [
                    "gene_intersection.pkl:md5,b00d4f9b7f7e795225c6951b235a4ebf",
                    "gene_intersection.pkl:md5,b00d4f9b7f7e795225c6951b235a4ebf",
                    "gene_intersection.pkl:md5,b00d4f9b7f7e795225c6951b235a4ebf"
                ],
                "outer": [
                    [
                        {
                            "id": "test1"
                        },
                        "test1_outer.h5ad:md5,2d3fedf7c30a41d0cbdda0d5ce334707"
                    ],
                    [
                        {
                            "id": "test2"
                        },
                        "test2_outer.h5ad:md5,fedefe59e5cb860c924abded7d837f4e"
                    ],
                    [
                        {
                            "id": "test3"
                        },
                        "test3_outer.h5ad:md5,48a066a8d4bd6e7f9a3c526135af8e66"
                    ]
                ],
                "versions": [
                    "versions.yml:md5,b38e6675a7438ac7fd9dd79e2fc5c466",
                    "versions.yml:md5,b38e6675a7438ac7fd9dd79e2fc5c466",
                    "versions.yml:md5,b38e6675a7438ac7fd9dd79e2fc5c466"
                ]
            }
        ],
        "meta": {
            "nf-test": "0.9.0",
            "nextflow": "24.04.4"
        },
        "timestamp": "2025-04-14T13:38:27.880535048"
    },
    "Should run with base": {
        "content": [
            {
                "0": [
                    [
                        {
                            "id": "test2"
                        },
                        "test2_outer.h5ad:md5,820972651f316ed4800774ef2b1c74e1"
                    ]
                ],
                "1": [
                    [
                        {
                            "id": "test2"
                        },
                        "test2_inner.h5ad:md5,820972651f316ed4800774ef2b1c74e1"
                    ]
                ],
                "2": [
                    [
                        {
                            "id": "test2"
                        },
                        "test2_integrate.h5ad:md5,f37d2abcaab84e035bf192482b43f994"
                    ]
                ],
                "3": [
                    "gene_intersection.pkl:md5,b00d4f9b7f7e795225c6951b235a4ebf"
                ],
                "4": [
                    "versions.yml:md5,b38e6675a7438ac7fd9dd79e2fc5c466"
                ],
                "inner": [
                    [
                        {
                            "id": "test2"
                        },
                        "test2_inner.h5ad:md5,820972651f316ed4800774ef2b1c74e1"
                    ]
                ],
                "integrate": [
                    [
                        {
                            "id": "test2"
                        },
                        "test2_integrate.h5ad:md5,f37d2abcaab84e035bf192482b43f994"
                    ]
                ],
                "intersect_genes": [
                    "gene_intersection.pkl:md5,b00d4f9b7f7e795225c6951b235a4ebf"
                ],
                "outer": [
                    [
                        {
                            "id": "test2"
                        },
                        "test2_outer.h5ad:md5,820972651f316ed4800774ef2b1c74e1"
                    ]
                ],
                "versions": [
                    "versions.yml:md5,b38e6675a7438ac7fd9dd79e2fc5c466"
                ]
            }
        ],
        "meta": {
            "nf-test": "0.9.0",
            "nextflow": "24.04.4"
        },
        "timestamp": "2025-04-14T13:39:01.64467508"
    },
    "Should run with base - stub": {
        "content": [
            {
                "0": [
                    [
                        {
                            "id": "test2"
                        },
                        "test2_outer.h5ad:md5,d41d8cd98f00b204e9800998ecf8427e"
                    ]
                ],
                "1": [
                    [
                        {
                            "id": "test2"
                        },
                        "test2_inner.h5ad:md5,d41d8cd98f00b204e9800998ecf8427e"
                    ]
                ],
                "2": [
                    [
                        {
                            "id": "test2"
                        },
                        "test2_integrate.h5ad:md5,d41d8cd98f00b204e9800998ecf8427e"
                    ]
                ],
                "3": [
                    "gene_intersection.pkl:md5,d41d8cd98f00b204e9800998ecf8427e"
                ],
                "4": [
                    "versions.yml:md5,d41d8cd98f00b204e9800998ecf8427e"
                ],
                "inner": [
                    [
                        {
                            "id": "test2"
                        },
                        "test2_inner.h5ad:md5,d41d8cd98f00b204e9800998ecf8427e"
                    ]
                ],
                "integrate": [
                    [
                        {
                            "id": "test2"
                        },
                        "test2_integrate.h5ad:md5,d41d8cd98f00b204e9800998ecf8427e"
                    ]
                ],
                "intersect_genes": [
                    "gene_intersection.pkl:md5,d41d8cd98f00b204e9800998ecf8427e"
                ],
                "outer": [
                    [
                        {
                            "id": "test2"
                        },
                        "test2_outer.h5ad:md5,d41d8cd98f00b204e9800998ecf8427e"
                    ]
                ],
                "versions": [
                    "versions.yml:md5,d41d8cd98f00b204e9800998ecf8427e"
                ]
            }
        ],
        "meta": {
            "nf-test": "0.9.0",
            "nextflow": "24.04.4"
        },
        "timestamp": "2025-04-14T13:39:33.829527474"
    }
}