{
    "Should read SCE file": {
        "content": [
            {
                "0": [
                    [
                        {
                            "id": "test"
                        },
                        "test.h5ad:md5,e74b26e72ce47aeb35be0b2e03124bdf"
                    ]
                ],
                "1": [
                    
                ],
                "2": [
                    "versions.yml:md5,97a57daf2be7236a765bbf214c58c444"
                ],
                "h5ad": [
                    [
                        {
                            "id": "test"
                        },
                        "test.h5ad:md5,e74b26e72ce47aeb35be0b2e03124bdf"
                    ]
                ],
                "obsm": [
                    
                ],
                "versions": [
                    "versions.yml:md5,97a57daf2be7236a765bbf214c58c444"
                ]
            }
        ],
        "meta": {
            "nf-test": "0.9.0",
            "nextflow": "25.04.2"
        },
        "timestamp": "2025-06-01T20:55:07.403136543"
    },
    "Should read SCE file - stub": {
        "content": [
            {
                "0": [
                    [
                        {
                            "id": "test"
                        },
                        "test.h5ad:md5,e74b26e72ce47aeb35be0b2e03124bdf"
                    ]
                ],
                "1": [
                    
                ],
                "2": [
                    "versions.yml:md5,97a57daf2be7236a765bbf214c58c444"
                ],
                "h5ad": [
                    [
                        {
                            "id": "test"
                        },
                        "test.h5ad:md5,e74b26e72ce47aeb35be0b2e03124bdf"
                    ]
                ],
                "obsm": [
                    
                ],
                "versions": [
                    "versions.yml:md5,97a57daf2be7236a765bbf214c58c444"
                ]
            }
        ],
        "meta": {
            "nf-test": "0.9.0",
            "nextflow": "25.04.2"
        },
        "timestamp": "2025-06-01T20:55:39.995491504"
    },
    "Should read seurat file": {
        "content": [
            {
                "0": [
                    [
                        {
                            "id": "test"
                        },
                        "test.h5ad:md5,13ea94bfc83afdd3a33035a441ad999b"
                    ]
                ],
                "1": [
                    
                ],
                "2": [
                    "versions.yml:md5,97a57daf2be7236a765bbf214c58c444"
                ],
                "h5ad": [
                    [
                        {
                            "id": "test"
                        },
                        "test.h5ad:md5,13ea94bfc83afdd3a33035a441ad999b"
                    ]
                ],
                "obsm": [
                    
                ],
                "versions": [
                    "versions.yml:md5,97a57daf2be7236a765bbf214c58c444"
                ]
            }
        ],
        "meta": {
            "nf-test": "0.9.0",
            "nextflow": "25.04.2"
        },
        "timestamp": "2025-06-01T20:53:53.125148901"
    },
    "Should read seurat file - stub": {
        "content": [
            {
                "0": [
                    [
                        {
                            "id": "test"
                        },
                        "test.h5ad:md5,13ea94bfc83afdd3a33035a441ad999b"
                    ]
                ],
                "1": [
                    
                ],
                "2": [
                    "versions.yml:md5,97a57daf2be7236a765bbf214c58c444"
                ],
                "h5ad": [
                    [
                        {
                            "id": "test"
                        },
                        "test.h5ad:md5,13ea94bfc83afdd3a33035a441ad999b"
                    ]
                ],
                "obsm": [
                    
                ],
                "versions": [
                    "versions.yml:md5,97a57daf2be7236a765bbf214c58c444"
                ]
            }
        ],
        "meta": {
            "nf-test": "0.9.0",
            "nextflow": "25.04.2"
        },
        "timestamp": "2025-06-01T20:54:33.00066416"
    }
}