{
    "Should run without failures - stub": {
        "content": [
            {
                "0": [
                    [
                        {
                            "id": "test"
                        },
                        "test.h5ad:md5,d41d8cd98f00b204e9800998ecf8427e"
                    ]
                ],
                "1": [
                    "test.pkl:md5,d41d8cd98f00b204e9800998ecf8427e"
                ],
                "2": [
                    "test.npy:md5,d41d8cd98f00b204e9800998ecf8427e"
                ],
                "3": [
                    "versions.yml:md5,d41d8cd98f00b204e9800998ecf8427e"
                ],
                "h5ad": [
                    [
                        {
                            "id": "test"
                        },
                        "test.h5ad:md5,d41d8cd98f00b204e9800998ecf8427e"
                    ]
                ],
                "layers": [
                    "test.npy:md5,d41d8cd98f00b204e9800998ecf8427e"
                ],
                "obsm": [
                    "test.pkl:md5,d41d8cd98f00b204e9800998ecf8427e"
                ],
                "versions": [
                    "versions.yml:md5,d41d8cd98f00b204e9800998ecf8427e"
                ]
            }
        ],
        "meta": {
            "nf-test": "0.9.0",
            "nextflow": "25.04.2"
        },
        "timestamp": "2025-06-03T07:48:07.847500785"
    },
    "Should run without failures": {
        "content": [
            {
                "0": [
                    [
                        {
                            "id": "test"
                        },
                        "test.h5ad:md5,e838561afed35f98abdd2a92382d3188"
                    ]
                ],
                "1": [
                    "X_test.pkl:md5,a785c6b49167fade31ca0c6f56f9e4fd"
                ],
                "2": [
                    "test.npy:md5,0be99b86fae136531e0862a50d613b15"
                ],
                "3": [
                    "versions.yml:md5,e169e019fff56e5e9984a1690b93ef14"
                ],
                "h5ad": [
                    [
                        {
                            "id": "test"
                        },
                        "test.h5ad:md5,e838561afed35f98abdd2a92382d3188"
                    ]
                ],
                "layers": [
                    "test.npy:md5,0be99b86fae136531e0862a50d613b15"
                ],
                "obsm": [
                    "X_test.pkl:md5,a785c6b49167fade31ca0c6f56f9e4fd"
                ],
                "versions": [
                    "versions.yml:md5,e169e019fff56e5e9984a1690b93ef14"
                ]
            }
        ],
        "meta": {
            "nf-test": "0.9.0",
            "nextflow": "25.04.2"
        },
        "timestamp": "2025-06-03T07:47:06.392572807"
    }
}